Resolving dependencies...
Downloading packages...
  _fe_analyzer_shared 92.0.0 (105.0.0 available)
  analyzer 9.0.0 (14.1.0 available)
  bloc 8.1.4 (9.2.1 available)
  bloc_test 9.1.7 (10.0.0 available)
  build 4.0.7 (4.0.10 available)
  build_runner 2.15.1 (2.16.0 available)
  code_assets 1.2.1 (2.0.0 available)
  connectivity_plus 6.1.5 (7.3.1 available)
  cross_file 0.3.5+4 (0.3.5+5 available)
  dart_style 3.1.3 (3.1.12 available)
  flutter_bloc 8.1.6 (9.1.1 available)
  flutter_lints 4.0.0 (6.0.0 available)
  flutter_map 7.0.2 (8.3.1 available)
  flutter_secure_storage 9.2.4 (11.0.0 available)
  flutter_secure_storage_linux 1.2.3 (3.0.2 available)
  flutter_secure_storage_macos 3.1.3 (4.0.0 available)
  flutter_secure_storage_platform_interface 1.1.2 (2.0.3 available)
  flutter_secure_storage_web 1.2.1 (2.1.1 available)
  flutter_secure_storage_windows 3.1.2 (4.2.2 available)
  freezed 3.2.5 (4.0.0 available)
  geolocator 13.0.4 (14.0.3 available)
  geolocator_android 4.6.2 (5.0.3 available)
  get_it 7.7.0 (9.2.1 available)
  go_router 14.8.1 (18.0.0 available)
  google_fonts 6.3.3 (8.2.1 available)
  hooks 2.0.2 (2.2.0 available)
  injectable 2.6.0 (3.0.0 available)
  injectable_generator 2.10.0 (3.1.3 available)
  intl 0.20.2 (0.20.3 available)
  js 0.6.7 (0.7.2 available)
  json_annotation 4.11.0 (4.12.0 available)
  json_serializable 6.13.0 (6.14.1 available)
  latlong2 0.9.1 (0.10.1 available)
  lints 4.0.0 (6.1.0 available)
  matcher 0.12.19 (0.12.20 available)
  material_color_utilities 0.13.0 (0.13.1 available)
  meta 1.18.0 (1.19.0 available)
  mgrs_dart 2.0.0 (3.0.0 available)
  objective_c 9.5.0 (9.6.0 available)
  package_config 2.2.0 (3.0.0 available)
  permission_handler 11.4.0 (13.0.1 available)
  permission_handler_android 12.1.0 (14.0.0 available)
  proj4dart 2.1.0 (3.0.0 available)
  record_use 0.6.0 (1.1.1 available)
  source_gen 4.2.4 (4.3.0 available)
  test 1.31.0 (1.31.2 available)
  test_api 0.7.11 (0.7.13 available)
  test_core 0.6.17 (0.6.19 available)
  unicode 0.3.1 (1.1.9 available)
  vector_math 2.2.0 (2.4.2 available)
  win32 5.15.0 (6.4.0 available)
Got dependencies!
51 packages have newer versions incompatible with dependency constraints.
Try `flutter pub outdated` for more information.
___TASK_DONE___
